../Core/Src/main.c:107:5:main	8	static
../Core/Src/main.c:193:6:SystemClock_Config	88	static
../Core/Src/main.c:239:13:MX_TIM1_Init	56	static
../Core/Src/main.c:289:13:MX_TIM2_Init	56	static
../Core/Src/main.c:338:13:MX_TIM3_Init	48	static
../Core/Src/main.c:395:13:MX_TIM4_Init	56	static
../Core/Src/main.c:444:13:MX_USART2_UART_Init	8	static
../Core/Src/main.c:475:13:MX_DMA_Init	16	static
../Core/Src/main.c:496:13:MX_GPIO_Init	56	static
../Core/Src/main.c:596:6:cmd_vel_callback	24	static
../Core/Src/main.c:616:6:StartDefaultTask	384	static
../Core/Src/main.c:749:6:Error_Handler	4	static,ignoring_inline_asm
